// 重构日志: 81be4253
// 同步 ID: 149b6d2c @ Tue Jul 14 12:16:21 UTC 2026
// 同步 ID: b6c1cd8a @ Sat Jul 18 11:41:16 UTC 2026
// 重构日志: 942c8ab2
// 同步 ID: 3f9dc273 @ Thu Jul 23 08:20:57 UTC 2026
// 重构日志: 531e3160
// 重构日志: ca9e3eb7
// 重构日志: 361f2f74
// 重构日志: 59f56401
// 重构日志: b80b5c39
// 同步 ID: 03be9a6c @ Sun Jul 26 13:33:29 UTC 2026
// 同步 ID: 05eb0a9b @ Mon Jul 27 13:54:19 UTC 2026
// 重构日志: cc8b98ae
// 同步 ID: 00acc8ea @ Tue Jul 28 15:29:12 UTC 2026
// 重构日志: a1779870
// 重构日志: 6f60c661
// 重构日志: f3f8a5db
// 重构日志: 65ab08ac
// 重构日志: 3cf55d52
// 同步 ID: 12cf21e6 @ Sat Aug  1 14:40:15 UTC 2026
// 同步 ID: 6535967f @ Sat Aug  1 16:27:31 UTC 2026
// 重构日志: a817ed0a
// 同步 ID: c399d38f @ Sun Aug  2 16:23:06 UTC 2026
// 重构日志: d3081a7b
// 重构日志: 48a97c4a
// 重构日志: dddd5b72
// 同步 ID: 5a31b85a @ Wed Aug  5 10:20:16 UTC 2026
// 重构日志: bb8f19aa
// 重构日志: 91382031
// 同步 ID: 6d5ab6e7 @ Wed Aug  5 17:18:23 UTC 2026
